../Core/Src/main.c:100:6:Stepper_SetupConfig	4	static
../Core/Src/main.c:120:20:usb_ok	8	static
../Core/Src/main.c:124:20:usb_err	16	static
../Core/Src/main.c:128:11:parse_usb_command	56	static
../Core/Src/main.c:152:6:USB_Command_Handle	72	static
../Core/Src/main.c:206:5:main	16	static
../Core/Src/main.c:301:6:SystemClock_Config	88	static
../Core/Src/main.c:348:13:MX_I2C1_Init	8	static
../Core/Src/main.c:382:13:MX_TIM2_Init	48	static
../Core/Src/main.c:431:13:MX_GPIO_Init	40	static
../Core/Src/main.c:480:6:I2C_Reset_Bus	40	static
../Core/Src/main.c:518:6:delay_us	32	static
../Core/Src/main.c:531:6:Error_Handler	4	static,ignoring_inline_asm
