../Core/Src/main.c:125:6:Stepper_SetupConfig	4	static
../Core/Src/main.c:145:20:usb_ok	8	static
../Core/Src/main.c:149:20:usb_err	16	static
../Core/Src/main.c:153:11:parse_usb_command	56	static
../Core/Src/main.c:186:6:USB_Command_Handle	80	static
../Core/Src/main.c:305:5:main	16	static
../Core/Src/main.c:416:6:SystemClock_Config	88	static
../Core/Src/main.c:463:13:MX_I2C1_Init	8	static
../Core/Src/main.c:497:13:MX_TIM2_Init	48	static
../Core/Src/main.c:546:13:MX_GPIO_Init	40	static
../Core/Src/main.c:595:6:I2C_Reset_Bus	40	static
../Core/Src/main.c:633:6:delay_us	32	static
../Core/Src/main.c:646:6:Error_Handler	4	static,ignoring_inline_asm
